// Jest Snapshot v1, https://goo.gl/fbAQLP

exports[`renders correctly 1`] = `
<list
  page="https://people-search-app.surge.sh"
>
  Versium
</list>
`;
