// Jest Snapshot v1, https://goo.gl/fbAQLP

exports[`renders correctly 1`] = `
<form
  page="https://people-search-app.surge.sh"
>
  Versium
</form>
`;
